\BOOKMARK [0][-]{chapter*.1}{\376\377\000A\000b\000s\000t\000r\000a\000c\000t}{}% 1
\BOOKMARK [0][-]{chapter*.2}{\376\377\000L\000i\000s\000t\000\040\000o\000f\000\040\000F\000i\000g\000u\000r\000e\000s}{}% 2
\BOOKMARK [0][-]{chapter*.4}{\376\377\000L\000i\000s\000t\000\040\000o\000f\000\040\000A\000b\000b\000r\000e\000v\000i\000a\000t\000i\000o\000n\000s}{}% 3
\BOOKMARK [0][-]{chapter.1}{\376\377\000I\000n\000t\000r\000o\000d\000u\000c\000t\000i\000o\000n}{}% 4
\BOOKMARK [1][-]{section.1.1}{\376\377\000B\000a\000c\000k\000g\000r\000o\000u\000n\000d}{chapter.1}% 5
\BOOKMARK [1][-]{section.1.2}{\376\377\000P\000r\000o\000b\000l\000e\000m\000\040\000D\000e\000f\000i\000n\000i\000t\000i\000o\000n}{chapter.1}% 6
\BOOKMARK [1][-]{section.1.3}{\376\377\000O\000b\000j\000e\000c\000t\000i\000v\000e\000s}{chapter.1}% 7
\BOOKMARK [1][-]{section.1.4}{\376\377\000S\000c\000o\000p\000e\000\040\000a\000n\000d\000\040\000L\000i\000m\000i\000t\000a\000t\000i\000o\000n}{chapter.1}% 8
\BOOKMARK [2][-]{subsection.1.4.1}{\376\377\000S\000c\000o\000p\000e}{section.1.4}% 9
\BOOKMARK [2][-]{subsection.1.4.2}{\376\377\000L\000i\000m\000i\000t\000a\000t\000i\000o\000n}{section.1.4}% 10
\BOOKMARK [0][-]{chapter.2}{\376\377\000B\000a\000c\000k\000g\000r\000o\000u\000n\000d\000\040\000S\000t\000u\000d\000y\000\040\000a\000n\000d\000\040\000L\000i\000t\000e\000r\000a\000t\000u\000r\000e\000\040\000R\000e\000v\000i\000e\000w}{}% 11
\BOOKMARK [1][-]{section.2.1}{\376\377\000B\000a\000c\000k\000g\000r\000o\000u\000n\000d\000\040\000S\000t\000u\000d\000y}{chapter.2}% 12
\BOOKMARK [2][-]{subsection.2.1.1}{\376\377\000K\000e\000y\000\040\000C\000h\000a\000l\000l\000e\000n\000g\000e\000s\000\040\000i\000n\000\040\000M\000a\000n\000u\000a\000l\000\040\000D\000i\000s\000p\000a\000t\000c\000h}{section.2.1}% 13
\BOOKMARK [1][-]{section.2.2}{\376\377\000L\000i\000t\000e\000r\000a\000t\000u\000r\000e\000\040\000R\000e\000v\000i\000e\000w}{chapter.2}% 14
\BOOKMARK [0][-]{chapter.3}{\376\377\000S\000y\000s\000t\000e\000m\000\040\000A\000n\000a\000l\000y\000s\000i\000s}{}% 15
\BOOKMARK [1][-]{section.3.1}{\376\377\000R\000e\000q\000u\000i\000r\000e\000m\000e\000n\000t\000\040\000A\000n\000a\000l\000y\000s\000i\000s}{chapter.3}% 16
\BOOKMARK [1][-]{section.3.2}{\376\377\000F\000e\000a\000s\000i\000b\000i\000l\000i\000t\000y\000\040\000A\000n\000a\000l\000y\000s\000i\000s}{chapter.3}% 17
\BOOKMARK [1][-]{section.3.3}{\376\377\000A\000n\000a\000l\000y\000s\000i\000s\000\040\000D\000i\000a\000g\000r\000a\000m\000s}{chapter.3}% 18
\BOOKMARK [2][-]{subsection.3.3.1}{\376\377\000G\000a\000n\000t\000t\000\040\000C\000h\000a\000r\000t}{section.3.3}% 19
\BOOKMARK [2][-]{subsection.3.3.2}{\376\377\000E\000R\000\040\000D\000i\000a\000g\000r\000a\000m}{section.3.3}% 20
\BOOKMARK [2][-]{subsection.3.3.3}{\376\377\000D\000F\000D\000\040\000L\000e\000v\000e\000l\000\040\0000}{section.3.3}% 21
\BOOKMARK [2][-]{subsection.3.3.4}{\376\377\000D\000F\000D\000\040\000L\000e\000v\000e\000l\000\040\0001}{section.3.3}% 22
\BOOKMARK [0][-]{chapter.4}{\376\377\000S\000y\000s\000t\000e\000m\000\040\000D\000e\000s\000i\000g\000n}{}% 23
\BOOKMARK [1][-]{section.4.1}{\376\377\000S\000y\000s\000t\000e\000m\000\040\000A\000r\000c\000h\000i\000t\000e\000c\000t\000u\000r\000e}{chapter.4}% 24
\BOOKMARK [1][-]{section.4.2}{\376\377\000D\000a\000t\000a\000b\000a\000s\000e\000\040\000S\000c\000h\000e\000m\000a}{chapter.4}% 25
\BOOKMARK [1][-]{section.4.3}{\376\377\000S\000y\000s\000t\000e\000m\000\040\000F\000l\000o\000w\000c\000h\000a\000r\000t}{chapter.4}% 26
\BOOKMARK [0][-]{chapter.5}{\376\377\000I\000m\000p\000l\000e\000m\000e\000n\000t\000a\000t\000i\000o\000n}{}% 27
\BOOKMARK [1][-]{section.5.1}{\376\377\000P\000r\000e\000l\000i\000m\000i\000n\000a\000r\000y\000\040\000R\000e\000s\000e\000a\000r\000c\000h}{chapter.5}% 28
\BOOKMARK [1][-]{section.5.2}{\376\377\000C\000u\000r\000r\000e\000n\000t\000\040\000I\000m\000p\000l\000e\000m\000e\000n\000t\000a\000t\000i\000o\000n\000\040\000S\000t\000a\000t\000u\000s}{chapter.5}% 29
\BOOKMARK [2][-]{subsection.5.2.1}{\376\377\000F\000r\000o\000n\000t\000e\000n\000d}{section.5.2}% 30
\BOOKMARK [2][-]{subsection.5.2.2}{\376\377\000B\000a\000c\000k\000e\000n\000d}{section.5.2}% 31
\BOOKMARK [2][-]{subsection.5.2.3}{\376\377\000D\000a\000t\000a\000b\000a\000s\000e}{section.5.2}% 32
\BOOKMARK [2][-]{subsection.5.2.4}{\376\377\000A\000u\000t\000h\000e\000n\000t\000i\000c\000a\000t\000i\000o\000n}{section.5.2}% 33
\BOOKMARK [1][-]{section.5.3}{\376\377\000T\000o\000o\000l\000s\000\040\000U\000s\000e\000d}{chapter.5}% 34
\BOOKMARK [1][-]{section.5.4}{\376\377\000T\000e\000s\000t\000i\000n\000g\000\040\000O\000v\000e\000r\000v\000i\000e\000w}{chapter.5}% 35
\BOOKMARK [0][-]{chapter*.16}{\376\377\000R\000e\000f\000e\000r\000e\000n\000c\000e\000s}{}% 36
